###############################################################################
#
# IAR ELF Linker V8.30.1.114/W32 for ARM                  06/Nov/2018  12:28:47
# Copyright 2007-2018 IAR Systems AB.
#
#    Output file  =  
#        C:\Users\19355\Desktop\iar ucosii\STM32_IAR_¿âº¯Êý\Project\C8T6
#        Debug\Exe\project.out
#    Map file     =  
#        C:\Users\19355\Desktop\iar ucosii\STM32_IAR_¿âº¯Êý\Project\C8T6
#        Debug\List\project.map
#    Command line =  
#        -f C:\Users\19355\AppData\Local\Temp\EW9B9D.tmp
#        ("C:\Users\19355\Desktop\iar ucosii\STM32_IAR_¿âº¯Êý\Project\C8T6
#        Debug\Obj\core_cm3.o" "C:\Users\19355\Desktop\iar
#        ucosii\STM32_IAR_¿âº¯Êý\Project\C8T6 Debug\Obj\delay.o"
#        "C:\Users\19355\Desktop\iar ucosii\STM32_IAR_¿âº¯Êý\Project\C8T6
#        Debug\Obj\led.o" "C:\Users\19355\Desktop\iar
#        ucosii\STM32_IAR_¿âº¯Êý\Project\C8T6 Debug\Obj\main.o"
#        "C:\Users\19355\Desktop\iar ucosii\STM32_IAR_¿âº¯Êý\Project\C8T6
#        Debug\Obj\misc.o" "C:\Users\19355\Desktop\iar
#        ucosii\STM32_IAR_¿âº¯Êý\Project\C8T6 Debug\Obj\oled.o"
#        "C:\Users\19355\Desktop\iar ucosii\STM32_IAR_¿âº¯Êý\Project\C8T6
#        Debug\Obj\os_core.o" "C:\Users\19355\Desktop\iar
#        ucosii\STM32_IAR_¿âº¯Êý\Project\C8T6 Debug\Obj\os_cpu_a.o"
#        "C:\Users\19355\Desktop\iar ucosii\STM32_IAR_¿âº¯Êý\Project\C8T6
#        Debug\Obj\os_cpu_c.o" "C:\Users\19355\Desktop\iar
#        ucosii\STM32_IAR_¿âº¯Êý\Project\C8T6 Debug\Obj\os_flag.o"
#        "C:\Users\19355\Desktop\iar ucosii\STM32_IAR_¿âº¯Êý\Project\C8T6
#        Debug\Obj\os_mbox.o" "C:\Users\19355\Desktop\iar
#        ucosii\STM32_IAR_¿âº¯Êý\Project\C8T6 Debug\Obj\os_mem.o"
#        "C:\Users\19355\Desktop\iar ucosii\STM32_IAR_¿âº¯Êý\Project\C8T6
#        Debug\Obj\os_mutex.o" "C:\Users\19355\Desktop\iar
#        ucosii\STM32_IAR_¿âº¯Êý\Project\C8T6 Debug\Obj\os_q.o"
#        "C:\Users\19355\Desktop\iar ucosii\STM32_IAR_¿âº¯Êý\Project\C8T6
#        Debug\Obj\os_sem.o" "C:\Users\19355\Desktop\iar
#        ucosii\STM32_IAR_¿âº¯Êý\Project\C8T6 Debug\Obj\os_task.o"
#        "C:\Users\19355\Desktop\iar ucosii\STM32_IAR_¿âº¯Êý\Project\C8T6
#        Debug\Obj\os_time.o" "C:\Users\19355\Desktop\iar
#        ucosii\STM32_IAR_¿âº¯Êý\Project\C8T6 Debug\Obj\os_tmr.o"
#        "C:\Users\19355\Desktop\iar ucosii\STM32_IAR_¿âº¯Êý\Project\C8T6
#        Debug\Obj\startup_stm32f10x_hd.o" "C:\Users\19355\Desktop\iar
#        ucosii\STM32_IAR_¿âº¯Êý\Project\C8T6 Debug\Obj\stm32f10x_adc.o"
#        "C:\Users\19355\Desktop\iar ucosii\STM32_IAR_¿âº¯Êý\Project\C8T6
#        Debug\Obj\stm32f10x_bkp.o" "C:\Users\19355\Desktop\iar
#        ucosii\STM32_IAR_¿âº¯Êý\Project\C8T6 Debug\Obj\stm32f10x_can.o"
#        "C:\Users\19355\Desktop\iar ucosii\STM32_IAR_¿âº¯Êý\Project\C8T6
#        Debug\Obj\stm32f10x_cec.o" "C:\Users\19355\Desktop\iar
#        ucosii\STM32_IAR_¿âº¯Êý\Project\C8T6 Debug\Obj\stm32f10x_crc.o"
#        "C:\Users\19355\Desktop\iar ucosii\STM32_IAR_¿âº¯Êý\Project\C8T6
#        Debug\Obj\stm32f10x_dac.o" "C:\Users\19355\Desktop\iar
#        ucosii\STM32_IAR_¿âº¯Êý\Project\C8T6 Debug\Obj\stm32f10x_dbgmcu.o"
#        "C:\Users\19355\Desktop\iar ucosii\STM32_IAR_¿âº¯Êý\Project\C8T6
#        Debug\Obj\stm32f10x_dma.o" "C:\Users\19355\Desktop\iar
#        ucosii\STM32_IAR_¿âº¯Êý\Project\C8T6 Debug\Obj\stm32f10x_exti.o"
#        "C:\Users\19355\Desktop\iar ucosii\STM32_IAR_¿âº¯Êý\Project\C8T6
#        Debug\Obj\stm32f10x_flash.o" "C:\Users\19355\Desktop\iar
#        ucosii\STM32_IAR_¿âº¯Êý\Project\C8T6 Debug\Obj\stm32f10x_fsmc.o"
#        "C:\Users\19355\Desktop\iar ucosii\STM32_IAR_¿âº¯Êý\Project\C8T6
#        Debug\Obj\stm32f10x_gpio.o" "C:\Users\19355\Desktop\iar
#        ucosii\STM32_IAR_¿âº¯Êý\Project\C8T6 Debug\Obj\stm32f10x_i2c.o"
#        "C:\Users\19355\Desktop\iar ucosii\STM32_IAR_¿âº¯Êý\Project\C8T6
#        Debug\Obj\stm32f10x_it.o" "C:\Users\19355\Desktop\iar
#        ucosii\STM32_IAR_¿âº¯Êý\Project\C8T6 Debug\Obj\stm32f10x_iwdg.o"
#        "C:\Users\19355\Desktop\iar ucosii\STM32_IAR_¿âº¯Êý\Project\C8T6
#        Debug\Obj\stm32f10x_pwr.o" "C:\Users\19355\Desktop\iar
#        ucosii\STM32_IAR_¿âº¯Êý\Project\C8T6 Debug\Obj\stm32f10x_rcc.o"
#        "C:\Users\19355\Desktop\iar ucosii\STM32_IAR_¿âº¯Êý\Project\C8T6
#        Debug\Obj\stm32f10x_rtc.o" "C:\Users\19355\Desktop\iar
#        ucosii\STM32_IAR_¿âº¯Êý\Project\C8T6 Debug\Obj\stm32f10x_sdio.o"
#        "C:\Users\19355\Desktop\iar ucosii\STM32_IAR_¿âº¯Êý\Project\C8T6
#        Debug\Obj\stm32f10x_spi.o" "C:\Users\19355\Desktop\iar
#        ucosii\STM32_IAR_¿âº¯Êý\Project\C8T6 Debug\Obj\stm32f10x_tim.o"
#        "C:\Users\19355\Desktop\iar ucosii\STM32_IAR_¿âº¯Êý\Project\C8T6
#        Debug\Obj\stm32f10x_usart.o" "C:\Users\19355\Desktop\iar
#        ucosii\STM32_IAR_¿âº¯Êý\Project\C8T6 Debug\Obj\stm32f10x_wwdg.o"
#        "C:\Users\19355\Desktop\iar ucosii\STM32_IAR_¿âº¯Êý\Project\C8T6
#        Debug\Obj\system_stm32f10x.o" --redirect _Printf=_PrintfFull
#        --redirect _Scanf=_ScanfFull --no_out_extension -o
#        "C:\Users\19355\Desktop\iar ucosii\STM32_IAR_¿âº¯Êý\Project\C8T6
#        Debug\Exe\project.out" --map "C:\Users\19355\Desktop\iar
#        ucosii\STM32_IAR_¿âº¯Êý\Project\C8T6 Debug\List\project.map"
#        --config "C:\Users\19355\Desktop\iar
#        ucosii\STM32_IAR_¿âº¯Êý\Project\..\ICF\stm32f10x_flash.icf" --entry
#        __iar_program_start --vfe --text_out locale)
#
###############################################################################

*******************************************************************************
*** RUNTIME MODEL ATTRIBUTES
***

CppFlavor       = *
__SystemLibrary = DLib
__dlib_version  = 6


*******************************************************************************
*** HEAP SELECTION
***

The basic heap was selected because no calls to memory allocation
functions were found in the application outside of system library
functions, and there are calls to deallocation functions in the
application.


*******************************************************************************
*** PLACEMENT SUMMARY
***

"A0":  place at 0x800'0000 { ro section .intvec };
"P1":  place in [from 0x800'0000 to 0x80f'ffff] { ro };
define block CSTACK with size = 1K, alignment = 8 { };
define block HEAP with size = 512, alignment = 8 { };
"P2":  place in [from 0x2000'0000 to 0x2001'7fff] {
          rw, block CSTACK, block HEAP };
initialize by copy { rw };

  Section            Kind         Address    Size  Object
  -------            ----         -------    ----  ------
"A0":                                       0x130
  .intvec            ro code   0x800'0000   0x130  startup_stm32f10x_hd.o [1]
                             - 0x800'0130   0x130

"P1":                                      0x1500
  .text              ro code   0x800'0130   0x754  os_core.o [1]
  .text              ro code   0x800'0884    0x90  os_cpu_c.o [1]
  .text              ro code   0x800'0914    0x64  os_flag.o [1]
  .text              ro code   0x800'0978    0x58  os_q.o [1]
  CODE               ro code   0x800'09d0    0xa0  os_cpu_a.o [1]
  .text              ro code   0x800'0a70   0x364  os_task.o [1]
  .text              ro code   0x800'0dd4    0x7c  os_time.o [1]
  .text              ro code   0x800'0e50   0x13c  delay.o [1]
  .text              ro code   0x800'0f8c    0x34  misc.o [1]
  .text              ro code   0x800'0fc0   0x118  system_stm32f10x.o [1]
  .rodata            const     0x800'10d8   0x100  os_core.o [1]
  .text              ro code   0x800'11d8    0xfc  stm32f10x_gpio.o [1]
  .text              ro code   0x800'12d4    0xb8  main.o [1]
  .text              ro code   0x800'138c    0x54  led.o [1]
  .text              ro code   0x800'13e0    0x20  stm32f10x_rcc.o [1]
  .text              ro code   0x800'1400    0x3a  zero_init3.o [3]
  .text              ro code   0x800'143a    0x2c  copy_init3.o [3]
  .text              ro code   0x800'1466     0xe  stm32f10x_it.o [1]
  .text              ro code   0x800'1474    0x28  data_init.o [3]
  .iar.init_table    const     0x800'149c    0x24  - Linker created -
  .text              ro code   0x800'14c0    0x1e  cmain.o [3]
  .text              ro code   0x800'14de     0x4  low_level_init.o [2]
  .text              ro code   0x800'14e2     0x4  exit.o [2]
  .text              ro code   0x800'14e8     0xa  cexit.o [3]
  .text              ro code   0x800'14f4     0xc  XXexit.o [3]
  .rodata            const     0x800'1500    0x10  os_core.o [1]
  .rodata            const     0x800'1510    0x10  os_core.o [1]
  .text              ro code   0x800'1520    0x10  startup_stm32f10x_hd.o [1]
  .text              ro code   0x800'1530     0xc  cstartup_M.o [3]
  .text              ro code   0x800'153c     0x4  startup_stm32f10x_hd.o [1]
  .text              ro code   0x800'1540     0x4  startup_stm32f10x_hd.o [1]
  .text              ro code   0x800'1544     0x4  startup_stm32f10x_hd.o [1]
  .text              ro code   0x800'1548     0x4  startup_stm32f10x_hd.o [1]
  .text              ro code   0x800'154c     0x4  startup_stm32f10x_hd.o [1]
  .text              ro code   0x800'1550     0x4  startup_stm32f10x_hd.o [1]
  .text              ro code   0x800'1554     0x4  startup_stm32f10x_hd.o [1]
  .text              ro code   0x800'1558     0x4  startup_stm32f10x_hd.o [1]
  .text              ro code   0x800'155c     0x4  startup_stm32f10x_hd.o [1]
  .text              ro code   0x800'1560     0x4  startup_stm32f10x_hd.o [1]
  .text              ro code   0x800'1564     0x4  startup_stm32f10x_hd.o [1]
  .text              ro code   0x800'1568     0x4  startup_stm32f10x_hd.o [1]
  .text              ro code   0x800'156c     0x4  startup_stm32f10x_hd.o [1]
  .text              ro code   0x800'1570     0x4  startup_stm32f10x_hd.o [1]
  .text              ro code   0x800'1574     0x4  startup_stm32f10x_hd.o [1]
  .text              ro code   0x800'1578     0x4  startup_stm32f10x_hd.o [1]
  .text              ro code   0x800'157c     0x4  startup_stm32f10x_hd.o [1]
  .text              ro code   0x800'1580     0x4  startup_stm32f10x_hd.o [1]
  .text              ro code   0x800'1584     0x4  startup_stm32f10x_hd.o [1]
  .text              ro code   0x800'1588     0x4  startup_stm32f10x_hd.o [1]
  .text              ro code   0x800'158c     0x4  startup_stm32f10x_hd.o [1]
  .text              ro code   0x800'1590     0x4  startup_stm32f10x_hd.o [1]
  .text              ro code   0x800'1594     0x4  startup_stm32f10x_hd.o [1]
  .text              ro code   0x800'1598     0x4  startup_stm32f10x_hd.o [1]
  .text              ro code   0x800'159c     0x4  startup_stm32f10x_hd.o [1]
  .text              ro code   0x800'15a0     0x4  startup_stm32f10x_hd.o [1]
  .text              ro code   0x800'15a4     0x4  startup_stm32f10x_hd.o [1]
  .text              ro code   0x800'15a8     0x4  startup_stm32f10x_hd.o [1]
  .text              ro code   0x800'15ac     0x4  startup_stm32f10x_hd.o [1]
  .text              ro code   0x800'15b0     0x4  startup_stm32f10x_hd.o [1]
  .text              ro code   0x800'15b4     0x4  startup_stm32f10x_hd.o [1]
  .text              ro code   0x800'15b8     0x4  startup_stm32f10x_hd.o [1]
  .text              ro code   0x800'15bc     0x4  startup_stm32f10x_hd.o [1]
  .text              ro code   0x800'15c0     0x4  startup_stm32f10x_hd.o [1]
  .text              ro code   0x800'15c4     0x4  startup_stm32f10x_hd.o [1]
  .text              ro code   0x800'15c8     0x4  startup_stm32f10x_hd.o [1]
  .text              ro code   0x800'15cc     0x4  startup_stm32f10x_hd.o [1]
  .text              ro code   0x800'15d0     0x4  startup_stm32f10x_hd.o [1]
  .text              ro code   0x800'15d4     0x4  startup_stm32f10x_hd.o [1]
  .text              ro code   0x800'15d8     0x4  startup_stm32f10x_hd.o [1]
  .text              ro code   0x800'15dc     0x4  startup_stm32f10x_hd.o [1]
  .text              ro code   0x800'15e0     0x4  startup_stm32f10x_hd.o [1]
  .text              ro code   0x800'15e4     0x4  startup_stm32f10x_hd.o [1]
  .text              ro code   0x800'15e8     0x4  startup_stm32f10x_hd.o [1]
  .text              ro code   0x800'15ec     0x4  startup_stm32f10x_hd.o [1]
  .text              ro code   0x800'15f0     0x4  startup_stm32f10x_hd.o [1]
  .text              ro code   0x800'15f4     0x4  startup_stm32f10x_hd.o [1]
  .text              ro code   0x800'15f8     0x4  startup_stm32f10x_hd.o [1]
  .text              ro code   0x800'15fc     0x4  startup_stm32f10x_hd.o [1]
  .text              ro code   0x800'1600     0x4  startup_stm32f10x_hd.o [1]
  .text              ro code   0x800'1604     0x4  startup_stm32f10x_hd.o [1]
  .text              ro code   0x800'1608     0x4  startup_stm32f10x_hd.o [1]
  .text              ro code   0x800'160c     0x4  startup_stm32f10x_hd.o [1]
  .text              ro code   0x800'1610     0x4  startup_stm32f10x_hd.o [1]
  .text              ro code   0x800'1614     0x4  startup_stm32f10x_hd.o [1]
  .text              ro code   0x800'1618     0x4  startup_stm32f10x_hd.o [1]
  .text              ro code   0x800'161c     0x4  startup_stm32f10x_hd.o [1]
  .text              ro code   0x800'1620     0x4  startup_stm32f10x_hd.o [1]
  .text              ro code   0x800'1624     0x4  startup_stm32f10x_hd.o [1]
  .text              ro code   0x800'1628     0x4  startup_stm32f10x_hd.o [1]
  Initializer bytes  const     0x800'162c     0x4  <for P2-1>
  .rodata            const     0x800'1630     0x0  zero_init3.o [3]
  .rodata            const     0x800'1630     0x0  copy_init3.o [3]
                             - 0x800'1630  0x1500

"P2", part 1 of 3:                            0x4
  P2-1                        0x2000'0000     0x4  <Init block>
    .data            inited   0x2000'0000     0x4  system_stm32f10x.o [1]
                            - 0x2000'0004     0x4

"P2", part 2 of 3:                          0xdc8
  .bss               zero     0x2000'0004   0x3f0  os_core.o [1]
  .bss               zero     0x2000'03f4   0x200  os_core.o [1]
  .bss               zero     0x2000'05f4   0x200  os_core.o [1]
  .bss               zero     0x2000'07f4   0x100  main.o [1]
  .bss               zero     0x2000'08f4   0x100  main.o [1]
  .bss               zero     0x2000'09f4   0x100  main.o [1]
  .bss               zero     0x2000'0af4   0x100  os_core.o [1]
  .bss               zero     0x2000'0bf4    0xc8  os_core.o [1]
  .bss               zero     0x2000'0cbc    0x78  os_core.o [1]
  .bss               zero     0x2000'0d34    0x50  os_core.o [1]
  .bss               zero     0x2000'0d84     0x8  os_core.o [1]
  .bss               zero     0x2000'0d8c     0x4  os_core.o [1]
  .bss               zero     0x2000'0d90     0x4  os_core.o [1]
  .bss               zero     0x2000'0d94     0x4  os_core.o [1]
  .bss               zero     0x2000'0d98     0x4  os_core.o [1]
  .bss               zero     0x2000'0d9c     0x4  os_core.o [1]
  .bss               zero     0x2000'0da0     0x4  os_core.o [1]
  .bss               zero     0x2000'0da4     0x4  os_core.o [1]
  .bss               zero     0x2000'0da8     0x4  os_core.o [1]
  .bss               zero     0x2000'0dac     0x4  os_core.o [1]
  .bss               zero     0x2000'0db0     0x4  os_core.o [1]
  .bss               zero     0x2000'0db4     0x4  os_core.o [1]
  .bss               zero     0x2000'0db8     0x4  os_core.o [1]
  .bss               zero     0x2000'0dbc     0x2  delay.o [1]
  .bss               zero     0x2000'0dbe     0x1  delay.o [1]
  .bss               zero     0x2000'0dbf     0x1  os_core.o [1]
  .bss               zero     0x2000'0dc0     0x1  os_core.o [1]
  .bss               zero     0x2000'0dc1     0x1  os_core.o [1]
  .bss               zero     0x2000'0dc2     0x1  os_core.o [1]
  .bss               zero     0x2000'0dc3     0x1  os_core.o [1]
  .bss               zero     0x2000'0dc4     0x1  os_core.o [1]
  .bss               zero     0x2000'0dc5     0x1  os_core.o [1]
  .bss               zero     0x2000'0dc6     0x1  os_core.o [1]
  .bss               zero     0x2000'0dc7     0x1  os_core.o [1]
  .bss               zero     0x2000'0dc8     0x1  os_core.o [1]
                            - 0x2000'0dc9   0xdc5

"P2", part 3 of 3:                          0x400
  CSTACK                      0x2000'0dd0   0x400  <Block>
    CSTACK           uninit   0x2000'0dd0   0x400  <Block tail>
                            - 0x2000'11d0   0x400

Unused ranges:

         From           To      Size
         ----           --      ----
   0x800'1630   0x80f'ffff  0xf'e9d0
  0x2000'0dcc  0x2000'0dcf       0x4
  0x2000'11d0  0x2001'7fff  0x1'6e30


*******************************************************************************
*** INIT TABLE
***

          Address      Size
          -------      ----
Zero (__iar_zero_init3)
    1 destination range, total size 0xdc5:
          0x2000'0004  0xdc5

Copy (__iar_copy_init3)
    1 source range, total size 0x4:
           0x800'162c    0x4
    1 destination range, total size 0x4:
          0x2000'0000    0x4



*******************************************************************************
*** MODULE SUMMARY
***

    Module                  ro code  ro data  rw data
    ------                  -------  -------  -------
command line/config:
    -------------------------------------------------
    Total:

C:\Users\19355\Desktop\iar ucosii\STM32_IAR_¿âº¯Êý\Project\C8T6 Debug\Obj: [1]
    delay.o                     316                 3
    led.o                        84
    main.o                      184               768
    misc.o                       52
    os_core.o                 1 876      288    2 754
    os_cpu_a.o                  160
    os_cpu_c.o                  144
    os_flag.o                   100
    os_q.o                       88
    os_task.o                   868
    os_time.o                   124
    startup_stm32f10x_hd.o      560
    stm32f10x_gpio.o            252
    stm32f10x_it.o               14
    stm32f10x_rcc.o              32
    system_stm32f10x.o          280        4        4
    -------------------------------------------------
    Total:                    5 134      292    3 529

dl7M_tlf.a: [2]
    exit.o                        4
    low_level_init.o              4
    -------------------------------------------------
    Total:                        8

rt7M_tl.a: [3]
    XXexit.o                     12
    cexit.o                      10
    cmain.o                      30
    copy_init3.o                 44
    cstartup_M.o                 12
    data_init.o                  40
    zero_init3.o                 58
    -------------------------------------------------
    Total:                      206

    Gaps                          4
    Linker created                        36    1 024
-----------------------------------------------------
    Grand Total:              5 352      328    4 553


*******************************************************************************
*** ENTRY LIST
***

Entry                       Address   Size  Type      Object
-----                       -------   ----  ----      ------
.iar.init_table$$Base    0x800'149c          --   Gb  - Linker created -
.iar.init_table$$Limit   0x800'14c0          --   Gb  - Linker created -
?main                    0x800'14c1         Code  Gb  cmain.o [3]
BusFault_Handler         0x800'146d    0x2  Code  Gb  stm32f10x_it.o [1]
CSTACK$$Base            0x2000'0dd0          --   Gb  - Linker created -
CSTACK$$Limit           0x2000'11d0          --   Gb  - Linker created -
DebugMon_Handler         0x800'1473    0x2  Code  Gb  stm32f10x_it.o [1]
GPIO_Init                0x800'11d9   0xf4  Code  Gb  stm32f10x_gpio.o [1]
GPIO_SetBits             0x800'12cd    0x8  Code  Gb  stm32f10x_gpio.o [1]
HardFault_Handler        0x800'1469    0x2  Code  Gb  stm32f10x_it.o [1]
LED0_TASK_STK           0x2000'08f4  0x100  Data  Gb  main.o [1]
LED1_TASK_STK           0x2000'09f4  0x100  Data  Gb  main.o [1]
LED_Init                 0x800'138d   0x54  Code  Gb  led.o [1]
MemManage_Handler        0x800'146b    0x2  Code  Gb  stm32f10x_it.o [1]
NMI_Handler              0x800'1467    0x2  Code  Gb  stm32f10x_it.o [1]
NVIC_PriorityGroupConfig
                         0x800'0f8d    0xa  Code  Gb  misc.o [1]
OSCPUUsage              0x2000'0dbf    0x1  Data  Gb  os_core.o [1]
OSCtxSw                  0x800'09fb         Code  Gb  os_cpu_a.o [1]
OSCtxSwCtr              0x2000'0d8c    0x4  Data  Gb  os_core.o [1]
OSEventFreeList         0x2000'0d90    0x4  Data  Gb  os_core.o [1]
OSEventTbl              0x2000'0bf4   0xc8  Data  Gb  os_core.o [1]
OSFlagFreeList          0x2000'0d94    0x4  Data  Gb  os_core.o [1]
OSFlagTbl               0x2000'0d34   0x50  Data  Gb  os_core.o [1]
OSIdleCtr               0x2000'0da0    0x4  Data  Gb  os_core.o [1]
OSIdleCtrMax            0x2000'0d98    0x4  Data  Gb  os_core.o [1]
OSIdleCtrRun            0x2000'0d9c    0x4  Data  Gb  os_core.o [1]
OSInit                   0x800'0131   0x2c  Code  Gb  os_core.o [1]
OSInitHookBegin          0x800'0885    0x2  Code  Gb  os_cpu_c.o [1]
OSInitHookEnd            0x800'0887    0x2  Code  Gb  os_cpu_c.o [1]
OSIntCtxSw               0x800'0a03         Code  Gb  os_cpu_a.o [1]
OSIntEnter               0x800'015d   0x1c  Code  Gb  os_core.o [1]
OSIntExit                0x800'0179   0x78  Code  Gb  os_core.o [1]
OSIntNesting            0x2000'0dc1    0x1  Data  Gb  os_core.o [1]
OSLockNesting           0x2000'0dc2    0x1  Data  Gb  os_core.o [1]
OSPrioCur               0x2000'0dc3    0x1  Data  Gb  os_core.o [1]
OSPrioHighRdy           0x2000'0dc4    0x1  Data  Gb  os_core.o [1]
OSQFreeList             0x2000'0db4    0x4  Data  Gb  os_core.o [1]
OSQTbl                  0x2000'0cbc   0x78  Data  Gb  os_core.o [1]
OSRdyGrp                0x2000'0dc5    0x1  Data  Gb  os_core.o [1]
OSRdyTbl                0x2000'0d84    0x8  Data  Gb  os_core.o [1]
OSRunning               0x2000'0dc6    0x1  Data  Gb  os_core.o [1]
OSSchedLock              0x800'01f1   0x36  Code  Gb  os_core.o [1]
OSSchedUnlock            0x800'0227   0x58  Code  Gb  os_core.o [1]
OSStart                  0x800'027f   0x3a  Code  Gb  os_core.o [1]
OSStartHighRdy           0x800'09df         Code  Gb  os_cpu_a.o [1]
OSStatRdy               0x2000'0dc0    0x1  Data  Gb  os_core.o [1]
OSTCBCur                0x2000'0da4    0x4  Data  Gb  os_core.o [1]
OSTCBFreeList           0x2000'0da8    0x4  Data  Gb  os_core.o [1]
OSTCBHighRdy            0x2000'0dac    0x4  Data  Gb  os_core.o [1]
OSTCBInitHook            0x800'0911    0x2  Code  Gb  os_cpu_c.o [1]
OSTCBList               0x2000'0db0    0x4  Data  Gb  os_core.o [1]
OSTCBPrioTbl            0x2000'0af4  0x100  Data  Gb  os_core.o [1]
OSTCBTbl                0x2000'0004  0x3f0  Data  Gb  os_core.o [1]
OSTaskCreate             0x800'0a71   0xb4  Code  Gb  os_task.o [1]
OSTaskCreateExt          0x800'0b25   0xc8  Code  Gb  os_task.o [1]
OSTaskCreateHook         0x800'0889    0x2  Code  Gb  os_cpu_c.o [1]
OSTaskCtr               0x2000'0dc7    0x1  Data  Gb  os_core.o [1]
OSTaskIdleHook           0x800'088b    0x2  Code  Gb  os_cpu_c.o [1]
OSTaskIdleStk           0x2000'05f4  0x200  Data  Gb  os_core.o [1]
OSTaskNameSet            0x800'0bed   0x6e  Code  Gb  os_task.o [1]
OSTaskStatHook           0x800'088d    0x2  Code  Gb  os_cpu_c.o [1]
OSTaskStatStk           0x2000'03f4  0x200  Data  Gb  os_core.o [1]
OSTaskStkChk             0x800'0c5b   0x98  Code  Gb  os_task.o [1]
OSTaskStkInit            0x800'088f   0x80  Code  Gb  os_cpu_c.o [1]
OSTaskSuspend            0x800'0cf3   0xb2  Code  Gb  os_task.o [1]
OSTaskSwHook             0x800'090f    0x2  Code  Gb  os_cpu_c.o [1]
OSTickStepState         0x2000'0dc8    0x1  Data  Gb  os_core.o [1]
OSTime                  0x2000'0db8    0x4  Data  Gb  os_core.o [1]
OSTimeDly                0x800'0dd5   0x68  Code  Gb  os_time.o [1]
OSTimeTick               0x800'02b9   0xe4  Code  Gb  os_core.o [1]
OSTimeTickHook           0x800'0913    0x2  Code  Gb  os_cpu_c.o [1]
OSUnMapTbl               0x800'10d8  0x100  Data  Gb  os_core.o [1]
OS_CPU_PendSVHandler     0x800'0a0b         Code  Gb  os_cpu_a.o [1]
OS_CPU_SR_Restore        0x800'09d9         Code  Gb  os_cpu_a.o [1]
OS_CPU_SR_Save           0x800'09d1         Code  Gb  os_cpu_a.o [1]
OS_FlagInit              0x800'0915   0x56  Code  Gb  os_flag.o [1]
OS_InitEventList         0x800'039d   0x5a  Code  Lc  os_core.o [1]
OS_InitMisc              0x800'03f7   0x52  Code  Lc  os_core.o [1]
OS_InitRdyList           0x800'0449   0x44  Code  Lc  os_core.o [1]
OS_InitTCBList           0x800'0505   0x6a  Code  Lc  os_core.o [1]
OS_InitTaskIdle          0x800'048d   0x3c  Code  Lc  os_core.o [1]
OS_InitTaskStat          0x800'04c9   0x3c  Code  Lc  os_core.o [1]
OS_MemClr                0x800'056f   0x14  Code  Gb  os_core.o [1]
OS_QInit                 0x800'0979   0x4e  Code  Gb  os_q.o [1]
OS_Sched                 0x800'0583   0x54  Code  Gb  os_core.o [1]
OS_SchedNew              0x800'05d7   0x24  Code  Lc  os_core.o [1]
OS_TCBInit               0x800'06d5  0x138  Code  Gb  os_core.o [1]
OS_TaskIdle              0x800'05fd   0x20  Code  Gb  os_core.o [1]
OS_TaskStat              0x800'061d   0x6c  Code  Gb  os_core.o [1]
OS_TaskStatStkChk        0x800'0689   0x48  Code  Gb  os_core.o [1]
OS_TaskStkClr            0x800'0dbd   0x18  Code  Gb  os_task.o [1]
RCC_APB2PeriphClockCmd   0x800'13e1   0x1c  Code  Gb  stm32f10x_rcc.o [1]
Region$$Table$$Base      0x800'149c          --   Gb  - Linker created -
Region$$Table$$Limit     0x800'14c0          --   Gb  - Linker created -
START_TASK_STK          0x2000'07f4  0x100  Data  Gb  main.o [1]
SVC_Handler              0x800'1471    0x2  Code  Gb  stm32f10x_it.o [1]
SetSysClock              0x800'1005    0x8  Code  Lc  system_stm32f10x.o [1]
SetSysClockTo72          0x800'100d   0xae  Code  Lc  system_stm32f10x.o [1]
SysTick_CLKSourceConfig
                         0x800'0f97   0x1c  Code  Gb  misc.o [1]
SysTick_Handler          0x800'0e6d   0x18  Code  Gb  delay.o [1]
SystemCoreClock         0x2000'0000    0x4  Data  Gb  system_stm32f10x.o [1]
SystemInit               0x800'0fc1   0x44  Code  Gb  system_stm32f10x.o [1]
UsageFault_Handler       0x800'146f    0x2  Code  Gb  stm32f10x_it.o [1]
__cmain                  0x800'14c1         Code  Gb  cmain.o [3]
__exit                   0x800'14f5         Code  Gb  XXexit.o [3]
__iar_copy_init3         0x800'143b   0x2c  Code  Gb  copy_init3.o [3]
__iar_data_init3         0x800'1475   0x28  Code  Gb  data_init.o [3]
__iar_program_start      0x800'1531         Code  Gb  cstartup_M.o [3]
__iar_zero_init3         0x800'1401   0x3a  Code  Gb  zero_init3.o [3]
__low_level_init         0x800'14df    0x4  Code  Gb  low_level_init.o [2]
__vector_table           0x800'0000         Data  Gb  startup_stm32f10x_hd.o [1]
_call_main               0x800'14cd         Code  Gb  cmain.o [3]
_exit                    0x800'14e9         Code  Gb  cexit.o [3]
_main                    0x800'14db         Code  Gb  cmain.o [3]
delay_init               0x800'0e85   0x44  Code  Gb  delay.o [1]
delay_ms                 0x800'0f1d   0x4a  Code  Gb  delay.o [1]
delay_osschedlock        0x800'0e51    0x8  Code  Gb  delay.o [1]
delay_osschedunlock      0x800'0e59    0x8  Code  Gb  delay.o [1]
delay_ostimedly          0x800'0e61    0xc  Code  Gb  delay.o [1]
delay_us                 0x800'0ec9   0x54  Code  Gb  delay.o [1]
exit                     0x800'14e3    0x4  Code  Gb  exit.o [2]
fac_ms                  0x2000'0dbc    0x2  Data  Lc  delay.o [1]
fac_us                  0x2000'0dbe    0x1  Data  Lc  delay.o [1]
led0_task                0x800'1339   0x1e  Code  Gb  main.o [1]
led1_task                0x800'1359   0x20  Code  Gb  main.o [1]
main                     0x800'12d5   0x2c  Code  Gb  main.o [1]
start_task               0x800'1301   0x36  Code  Gb  main.o [1]


[1] = C:\Users\19355\Desktop\iar ucosii\STM32_IAR_¿âº¯Êý\Project\C8T6 Debug\Obj
[2] = dl7M_tlf.a
[3] = rt7M_tl.a

  5 352 bytes of readonly  code memory
    328 bytes of readonly  data memory
  4 553 bytes of readwrite data memory

Errors: none
Warnings: none
